Microchip MPLAB XC8 Compiler V1.45 ()

Linker command line:

-W-3 --edf=/Applications/microchip/xc8/v1.45/dat/en_msgs.txt -cs \
  -h+dist/default/production/Mini_Oven_Final_Design.X.production.sym \
  --cmf=dist/default/production/Mini_Oven_Final_Design.X.production.cmf -z \
  -Q18LF4620 -o/tmp/xcHBWqb8v \
  -Mdist/default/production/Mini_Oven_Final_Design.X.production.map -E1 \
  -ver=XC8 -ASTACK=0280h-0f7fh -pstack=STACK -ACODE=00h-0FFFFh \
  -ACONST=00h-0FFFFh -ASMALLCONST=01000h-010FFhx240 \
  -AMEDIUMCONST=01000h-0FFFFh -ACOMRAM=01h-07Fh -AABS1=00h-0F7Fh \
  -ABIGRAM=01h-0F7Fh -ARAM=080h-0FFh,0100h-01FFhx14,0F00h-0F7Fh \
  -ABANK0=080h-0FFh -ABANK1=0100h-01FFh -ABANK2=0200h-02FFh \
  -ABANK3=0300h-03FFh -ABANK4=0400h-04FFh -ABANK5=0500h-05FFh \
  -ABANK6=0600h-06FFh -ABANK7=0700h-07FFh -ABANK8=0800h-08FFh \
  -ABANK9=0900h-09FFh -ABANK10=0A00h-0AFFh -ABANK11=0B00h-0BFFh \
  -ABANK12=0C00h-0CFFh -ABANK13=0D00h-0DFFh -ABANK14=0E00h-0EFFh \
  -ABANK15=0F00h-0F7Fh -ASFR=0F80h-0FFFh \
  -preset_vec=00h,intcode=08h,intcodelo,powerup,init -pramtop=01000h \
  -psmallconst=SMALLCONST -pmediumconst=MEDIUMCONST -pconst=CONST \
  -AFARRAM=00h-00h -ACONFIG=0300000h-030000Dh -pconfig=CONFIG \
  -AIDLOC=0200000h-0200007h -pidloc=IDLOC -AEEDATA=0F00000h-0F003FFh \
  -peeprom_data=EEDATA \
  -prdata=COMRAM,nvrram=COMRAM,nvbit=COMRAM,rbss=COMRAM,rbit=COMRAM \
  -pfarbss=FARRAM,fardata=FARRAM,nvFARRAM=FARRAM \
  -pintsave_regs=BIGRAM,bigbss=BIGRAM,bigdata=BIGRAM -pbss=RAM \
  -pidata=CODE,irdata=CODE,ibigdata=CODE,ifardata=CODE -prparam=COMRAM \
  /tmp/xc5MpBmYG.obj \
  dist/default/production/Mini_Oven_Final_Design.X.production.obj 

Object code version is 3.11

Machine type is 18LF4620

Call graph: (short form)




                Name                               Link     Load   Length Selector   Space Scale
/tmp/xc5MpBmYG.obj
                init                                128      128        4        4       0
                reset_vec                             0        0        4        0       0
                idloc                            200000   200000        8   200000       0
                config                           300000   300000        E   300000       0
dist/default/production/Mini_Oven_Final_Design.X.production.obj
                intcode                               8        8      120        4       0
                temp                                 5A       5A        1        1       1
                smallconst                         1000     1000       10      800       0
                text50                             235C     235C       28     1020       0
                text49                             24D4     24D4        E     125C       0
                text48                             2170     2170       44     1020       0
                text47                             2092     2092       52     1020       0
                text45                             2518     2518        6     125C       0
                text44                             18BE     18BE       AE      808       0
                text43                             1810     1810       AE      808       0
                text42                             229C     229C       34     1020       0
                text41                             2040     2040       52     1020       0
                text40                             212C     212C       44     1020       0
                text39                             15CC     15CC      124      808       0
                text38                             16F0     16F0      120      808       0
                text37                             246E     246E       18     1020       0
                text36                             24C6     24C6        E     125C       0
                text35                             20E4     20E4       48     1020       0
                text34                             2486     2486       12     1020       0
                text33                             2510     2510        8     125C       0
                text32                             2508     2508        8     125C       0
                text31                             2450     2450       1E     1020       0
                text30                             24E2     24E2        C     125C       0
                text29                             23D0     23D0       22     1020       0
                text28                             21F2     21F2       3E     1020       0
                text27                             2500     2500        8     125C       0
                text26                             1E72     1E72       84      808       0
                text25                             1492     1492      13A      808       0
                text24                             2334     2334       28     1020       0
                text23                             2302     2302       32     1020       0
                text22                             1DEE     1DEE       84      808       0
                text21                             1F76     1F76       70      808       0
                text20                             2266     2266       36     1020       0
                text19                             23AA     23AA       26     1020       0
                text18                             21B4     21B4       3E     1020       0
                text17                             24B8     24B8        E     125C       0
                text16                             1A12     1A12       9E      808       0
                text15                             2412     2412       20     1020       0
                text14                             2384     2384       26     1020       0
                text13                             1BD0     1BD0       8E      808       0
                text12                             1AB0     1AB0       92      808       0
                text11                             1B42     1B42       8E      808       0
                text10                             1C5E     1C5E       88      808       0
                text9                              2432     2432       1E     1020       0
                text8                              1260     1260      232      808       0
                text7                              2498     2498       10     1020       0
                text6                              2230     2230       36     1020       0
                text5                              22D0     22D0       32     1020       0
                text4                              1D6A     1D6A       84      808       0
                text3                              1CE6     1CE6       84      808       0
                text2                              23F2     23F2       20     1020       0
                text1                              24F8     24F8        8     125C       0
                text0                              1010     1010      250      808       0
                cstackCOMRAM                          1        1       30        1       1
                cstackBANK0                          D9       D9       20       80       1
                cstackBANK1                         100      100       AC      100       1
                dataBANK2                           200      200       80      200       1
                dataBANK1                           1AC      1AC        A      100       1
                bssBANK1                            1B6      1B6        7      100       1
                dataBANK0                            80       80       59       80       1
                dataCOMRAM                           4B       4B        F        1       1
                bssCOMRAM                            31       31       1A        1       1
                cinit                              196C     196C       A6      808       0
                idataBANK2                         1EF6     1EF6       80      808       0
                idataBANK1                         24EE     24EE        A     125C       0
                idataBANK0                         1FE6     1FE6       59      808       0
                idataCOMRAM                        24A8     24A8        F     1020       0

TOTAL           Name                               Link     Load   Length     Space
        CLASS   STACK          

        CLASS   CODE           
                intcode                               8        8      120         0
                init                                128      128        4         0
                reset_vec                             0        0        4         0
                text50                             235C     235C       28         0
                text49                             24D4     24D4        E         0
                text48                             2170     2170       44         0
                text47                             2092     2092       52         0
                text45                             2518     2518        6         0
                text44                             18BE     18BE       AE         0
                text43                             1810     1810       AE         0
                text42                             229C     229C       34         0
                text41                             2040     2040       52         0
                text40                             212C     212C       44         0
                text39                             15CC     15CC      124         0
                text38                             16F0     16F0      120         0
                text37                             246E     246E       18         0
                text36                             24C6     24C6        E         0
                text35                             20E4     20E4       48         0
                text34                             2486     2486       12         0
                text33                             2510     2510        8         0
                text32                             2508     2508        8         0
                text31                             2450     2450       1E         0
                text30                             24E2     24E2        C         0
                text29                             23D0     23D0       22         0
                text28                             21F2     21F2       3E         0
                text27                             2500     2500        8         0
                text26                             1E72     1E72       84         0
                text25                             1492     1492      13A         0
                text24                             2334     2334       28         0
                text23                             2302     2302       32         0
                text22                             1DEE     1DEE       84         0
                text21                             1F76     1F76       70         0
                text20                             2266     2266       36         0
                text19                             23AA     23AA       26         0
                text18                             21B4     21B4       3E         0
                text17                             24B8     24B8        E         0
                text16                             1A12     1A12       9E         0
                text15                             2412     2412       20         0
                text14                             2384     2384       26         0
                text13                             1BD0     1BD0       8E         0
                text12                             1AB0     1AB0       92         0
                text11                             1B42     1B42       8E         0
                text10                             1C5E     1C5E       88         0
                text9                              2432     2432       1E         0
                text8                              1260     1260      232         0
                text7                              2498     2498       10         0
                text6                              2230     2230       36         0
                text5                              22D0     22D0       32         0
                text4                              1D6A     1D6A       84         0
                text3                              1CE6     1CE6       84         0
                text2                              23F2     23F2       20         0
                text1                              24F8     24F8        8         0
                text0                              1010     1010      250         0
                cinit                              196C     196C       A6         0
                idataBANK2                         1EF6     1EF6       80         0
                idataBANK1                         24EE     24EE        A         0
                idataBANK0                         1FE6     1FE6       59         0
                idataCOMRAM                        24A8     24A8        F         0

        CLASS   CONST          

        CLASS   SMALLCONST     
                smallconst                         1000     1000       10         0

        CLASS   MEDIUMCONST    

        CLASS   COMRAM         
                temp                                 5A       5A        1         1
                cstackCOMRAM                          1        1       30         1
                dataCOMRAM                           4B       4B        F         1
                bssCOMRAM                            31       31       1A         1

        CLASS   ABS1           

        CLASS   BIGRAM         

        CLASS   RAM            

        CLASS   BANK0          
                cstackBANK0                          D9       D9       20         1
                dataBANK0                            80       80       59         1

        CLASS   BANK1          
                cstackBANK1                         100      100       AC         1
                dataBANK1                           1AC      1AC        A         1
                bssBANK1                            1B6      1B6        7         1

        CLASS   BANK2          
                dataBANK2                           200      200       80         1

        CLASS   BANK3          

        CLASS   BANK4          

        CLASS   BANK5          

        CLASS   BANK6          

        CLASS   BANK7          

        CLASS   BANK8          

        CLASS   BANK9          

        CLASS   BANK10         

        CLASS   BANK11         

        CLASS   BANK12         

        CLASS   BANK13         

        CLASS   BANK14         

        CLASS   BANK15         

        CLASS   SFR            

        CLASS   FARRAM         

        CLASS   CONFIG         
                config                           300000   300000        E         0

        CLASS   IDLOC          
                idloc                            200000   200000        8         0

        CLASS   EEDATA         



SEGMENTS        Name                           Load    Length   Top    Selector   Space  Class

                reset_vec                      000000  000004  000004         0       0  CODE    
                cstackCOMRAM                   000001  00005A  00005B         1       1  COMRAM  
                intcode                        000008  000124  00012C         4       0  CODE    
                dataBANK0                      000080  000079  0000F9        80       1  BANK0   
                cstackBANK1                    000100  0000BD  0001BD       100       1  BANK1   
                dataBANK2                      000200  000080  000280       200       1  BANK2   
                smallconst                     001000  000010  001010       800       0  SMALLCON
                text0                          001010  00102F  00203F       808       0  CODE    
                text41                         002040  000477  0024B7      1020       0  CODE    
                text17                         0024B8  000066  00251E      125C       0  CODE    
                idloc                          200000  000008  200008    200000       0  IDLOC   
                config                         300000  00000E  30000E    300000       0  CONFIG  


UNUSED ADDRESS RANGES

        Name                Unused          Largest block    Delta
        BANK0            0000F9-0000FF                7
        BANK1            0001BD-0001FF               43
        BANK10           000A00-000AFF              100
        BANK11           000B00-000BFF              100
        BANK12           000C00-000CFF              100
        BANK13           000D00-000DFF              100
        BANK14           000E00-000EFF              100
        BANK15           000F00-000F7F               80
        BANK2            000280-0002FF               80
        BANK3            000300-0003FF              100
        BANK4            000400-0004FF              100
        BANK5            000500-0005FF              100
        BANK6            000600-0006FF              100
        BANK7            000700-0007FF              100
        BANK8            000800-0008FF              100
        BANK9            000900-0009FF              100
        BIGRAM           00005B-00007F               25
                         0000F9-0000FF                7
                         0001BD-0001FF               43
                         000280-000F7F              D00
        CODE             000004-000007                4
                         00012C-000FFF              ED4
                         00203F-00203F                1
                         0024B7-0024B7                1
                         00251E-00FFFF             DAE2
        COMRAM           00005B-00007F               25
        CONST            000004-000007                4
                         00012C-000FFF              ED4
                         00203F-00203F                1
                         0024B7-0024B7                1
                         00251E-00FFFF             DAE2
        EEDATA           F00000-F003FF              400
        MEDIUMCONST      00203F-00203F                1
                         0024B7-0024B7                1
                         00251E-00FFFF             DAE2
        RAM              0000F9-0000FF                7
                         0001BD-0001FF               43
                         000280-000F7F              100
        SFR              000F80-000FFF               80
        SMALLCONST       00203F-00203F                1
                         0024B7-0024B7                1
                         00251E-00FFFF              100
        STACK            000280-000F7F              D00

                                  Symbol Table

?_AdcRead                                            cstackCOMRAM 000001
?_BakeTempSet                                        cstackBANK0  0000E7
?___awdiv                                            cstackCOMRAM 000026
?___awmod                                            cstackCOMRAM 000026
?___lwdiv                                            cstackCOMRAM 000026
?___lwmod                                            cstackCOMRAM 00002D
?_bcd_to_decimal                                     cstackCOMRAM 000026
?_bcd_to_decimal_cook_time                           cstackCOMRAM 000026
?_sprintf                                            cstackBANK0  0000DA
?i2___lwdiv                                          cstackCOMRAM 000001
AdcRead@channel                                      cstackCOMRAM 000004
BakeTempSet@F3127                                    dataBANK0    000095
BakeTempSet@F3129                                    dataBANK0    0000BB
BakeTempSet@F3131                                    dataBANK0    0000B5
BakeTempSet@adcRead                                  cstackBANK0  0000E7
BakeTempSet@bakeTempContainer                        cstackBANK1  000116
BakeTempSet@deliminator                              cstackBANK1  00010A
BakeTempSet@nextMenu                                 cstackBANK1  000110
BakeTempSet@setBakeTempDisplay                       cstackBANK1  000100
CheckCookDone@F3209                                  dataBANK0    000080
CheckCookDone@F3211                                  dataBANK0    0000D3
CheckCookDone@bakeDone                               cstackBANK0  0000DF
CheckCookDone@clear                                  cstackBANK0  0000EA
CookTimeDisplay@F3152                                dataBANK0    00008B
CookTimeDisplay@F3154                                dataBANK0    0000AF
CookTimeDisplay@F3156                                dataBANK0    0000A8
CookTimeDisplay@F3158                                dataCOMRAM   000050
CookTimeDisplay@adcRead                              cstackBANK0  0000E7
CookTimeDisplay@backMenu                             cstackBANK1  000111
CookTimeDisplay@cookTimeContainer                    cstackBANK1  00011D
CookTimeDisplay@cookTimeContainer_1412               cstackBANK1  00011B
CookTimeDisplay@minDisplay                           cstackBANK1  000117
CookTimeDisplay@nextMenu                             cstackBANK1  00010A
CookTimeDisplay@setBakeTimeDisplay                   cstackBANK1  000100
CookTimeSet@convertedCookMinutesToBCD                cstackBANK0  0000DA
CookTimeSet@currentMin                               cstackBANK0  0000D9
GenerateAmplitude@readAmplitude                      cstackCOMRAM 000026
I2C_Read@ack                                         cstackCOMRAM 000027
I2C_Read@readData                                    cstackCOMRAM 000028
I2C_ReadFromSlave@addressByte                        cstackCOMRAM 000029
I2C_ReadFromSlave@dataFromAddress                    cstackCOMRAM 00002A
I2C_WriteControl@R_W_mode                            cstackCOMRAM 000027
I2C_WriteControl@slaveAddress                        cstackCOMRAM 000028
I2C_WriteData@data                                   cstackCOMRAM 000027
I2C_WriteToSlave@R_W_mode                            cstackCOMRAM 000029
I2C_WriteToSlave@addressByte                         cstackCOMRAM 00002A
I2C_WriteToSlave@data                                cstackCOMRAM 00002B
I2C_WriteToSlave@slaveAddress                        cstackCOMRAM 00002C
IfButtonPressedMovedToNextState@currentState         cstackCOMRAM 000026
IfButtonPressedMovedToNextState@nextState            cstackCOMRAM 000028
IntToBcd@x                                           cstackCOMRAM 000030
IntToBcd_cook_time@x                                 cstackCOMRAM 000030
ReadAndDisplayHrFromRTC@hourContainerDisplay         cstackBANK0  0000EA
ReadAndDisplayHrFromRTC@hourContainerDisplay_1355    cstackBANK0  0000E7
ReadAndDisplayHrFromRTC@hours                        cstackBANK0  0000E9
ReadAndDisplayMinFromRTC@min                         cstackBANK0  0000E9
ReadAndDisplayMinFromRTC@minContainerDisplay         cstackBANK0  0000EA
ReadAndDisplayMinFromRTC@minContainerDisplay_1349    cstackBANK0  0000E7
ReadAndDisplaySecFromRTC@secondContainerDisplay      cstackBANK0  0000EA
ReadAndDisplaySecFromRTC@secondContainerDisplay_1361 cstackBANK0  0000E7
ReadAndDisplaySecFromRTC@seconds                     cstackBANK0  0000E9
ReadRTCAndDisplay@F3194                              dataCOMRAM   00004B
ReadRTCAndDisplay@F3196                              dataCOMRAM   000054
ReadRTCAndDisplay@F3198                              dataBANK0    0000C1
ReadRTCAndDisplay@bakeT                              cstackBANK0  0000EB
ReadRTCAndDisplay@deliminator                        cstackBANK0  0000F6
ReadRTCAndDisplay@time                               cstackBANK0  0000F1
TimeSetting@F3160                                    dataBANK0    00009F
TimeSetting@F3162                                    dataBANK0    0000CD
TimeSetting@F3164                                    dataBANK0    0000C7
TimeSetting@hourContainer                            cstackBANK1  000119
TimeSetting@hourContainer_1327                       cstackBANK1  000115
TimeSetting@minContainer                             cstackBANK1  00011A
TimeSetting@minContainer_1331                        cstackBANK1  000117
TimeSetting@move                                     cstackBANK1  000109
TimeSetting@next                                     cstackBANK1  00010F
TimeSetting@readADCInput                             cstackBANK0  0000E7
TimeSetting@setTimeDisplay                           cstackBANK1  000100
WriteSpi@data                                        cstackCOMRAM 000026
WriteTime@convertedHoursToBCD                        cstackBANK0  0000DA
WriteTime@convertedMinutesToBCD                      cstackBANK0  0000D9
WriteTimeToCookToRTC@WRITE_MODE                      cstackCOMRAM 00002D
WriteToDac@command                                   cstackBANK0  0000D9
WriteToDac@data                                      cstackCOMRAM 000027
WriteToDac@frequency                                 cstackCOMRAM 000029
WriteToDac@high                                      cstackBANK0  0000DB
WriteToDac@low                                       cstackBANK0  0000DC
WriteToDac@output                                    cstackBANK0  0000DD
WriteToRTC@WRITE_MODE                                cstackCOMRAM 00002D
_ACKDT                                               (abs)        007E2D
_ACKEN                                               (abs)        007E2C
_ADCON0bits                                          (abs)        000FC2
_ADCON1bits                                          (abs)        000FC1
_ADCON2                                              (abs)        000FC0
_ADRES                                               (abs)        000FC3
_AdcInit                                             text45       002518
_AdcRead                                             text50       00235C
_BakeTempSet                                         text38       0016F0
_CheckCookDone                                       text26       001E72
_CookTimeDisplay                                     text25       001492
_CookTimeSet                                         text18       0021B4
_GPIOInit                                            text17       0024B8
_GenerateAmplitude                                   text16       001A12
_I2C_Read                                            text24       002334
_I2C_ReadFromSlave                                   text23       002302
_I2C_Start                                           text33       002510
_I2C_Stop                                            text32       002508
_I2C_Wait                                            text34       002486
_I2C_WriteControl                                    text31       002450
_I2C_WriteData                                       text30       0024E2
_I2C_WriteToSlave                                    text29       0023D0
_INTCONbits                                          (abs)        000FF2
_ISR                                                 intcode      000008
_IfButtonPressedMovedToNextState                     text15       002412
_InitI2C_MasterMode                                  text37       00246E
_IntToBcd                                            text6        002230
_IntToBcd_cook_time                                  text20       002266
_LATCbits                                            (abs)        000F8B
_LATDbits                                            (abs)        000F8C
_LCD_STATES                                          bssBANK1     0001BC
_OSCCONbits                                          (abs)        000FD3
_PEN                                                 (abs)        007E2A
_PIR1bits                                            (abs)        000F9E
_PORTA                                               (abs)        000F80
_PORTCbits                                           (abs)        000F82
_PORTDbits                                           (abs)        000F83
_PR2                                                 (abs)        000FCB
_RCEN                                                (abs)        007E2B
_READ_MODE                                           dataCOMRAM   000059
_ReadAndDisplayHrFromRTC                             text13       001BD0
_ReadAndDisplayMinFromRTC                            text12       001AB0
_ReadAndDisplaySecFromRTC                            text11       001B42
_ReadRTCAndDisplay                                   text10       001C5E
_SSPADD                                              (abs)        000FC8
_SSPBUF                                              (abs)        000FC9
_SSPCON1                                             (abs)        000FC6
_SSPCON1bits                                         (abs)        000FC6
_SSPCON2                                             (abs)        000FC5
_SSPCON2bits                                         (abs)        000FC5
_SSPIF                                               (abs)        007CF3
_SSPSTAT                                             (abs)        000FC7
_SSPSTATbits                                         (abs)        000FC7
_SpiInit                                             text9        002432
_T2CKPS1                                             (abs)        007E51
_T2CONbits                                           (abs)        000FCA
_T2OUTPS0                                            (abs)        007E53
_T2OUTPS1                                            (abs)        007E54
_T2OUTPS2                                            (abs)        007E55
_T2OUTPS3                                            (abs)        007E56
_TMR2IE                                              (abs)        007CE9
_TMR2IF                                              (abs)        007CF1
_TRISAbits                                           (abs)        000F92
_TRISC                                               (abs)        000F94
_TRISCbits                                           (abs)        000F94
_TRISDbits                                           (abs)        000F95
_TimeSetting                                         text8        001260
_Timer2Init                                          text7        002498
_WRITE_MODE                                          bssCOMRAM    000047
_WriteSpi                                            text36       0024C6
_WriteTime                                           text5        0022D0
_WriteTimeToCookToRTC                                text4        001D6A
_WriteToDac                                          text35       0020E4
_WriteToRTC                                          text3        001CE6
__CFG_BOREN$OFF                                      (abs)        000000
__CFG_LVP$OFF                                        (abs)        000000
__CFG_OSC$INTIO67                                    (abs)        000000
__CFG_WDT$OFF                                        (abs)        000000
__HRAM                                               (abs)        000000
__Habs1                                              abs1         000000
__Hbank0                                             bank0        000000
__Hbank1                                             bank1        000000
__Hbank10                                            bank10       000000
__Hbank11                                            bank11       000000
__Hbank12                                            bank12       000000
__Hbank13                                            bank13       000000
__Hbank14                                            bank14       000000
__Hbank15                                            bank15       000000
__Hbank2                                             bank2        000000
__Hbank3                                             bank3        000000
__Hbank4                                             bank4        000000
__Hbank5                                             bank5        000000
__Hbank6                                             bank6        000000
__Hbank7                                             bank7        000000
__Hbank8                                             bank8        000000
__Hbank9                                             bank9        000000
__Hbigbss                                            bigbss       000000
__Hbigdata                                           bigdata      000000
__Hbigram                                            bigram       000000
__Hbss                                               bss          000000
__HbssBANK1                                          bssBANK1     000000
__HbssCOMRAM                                         bssCOMRAM    000000
__Hcinit                                             cinit        000000
__Hclrtext                                           clrtext      000000
__Hcomram                                            comram       000000
__Hconfig                                            config       30000E
__Hconst                                             const        000000
__HcstackBANK0                                       cstackBANK0  000000
__HcstackBANK1                                       cstackBANK1  000000
__HcstackCOMRAM                                      cstackCOMRAM 000000
__Hdata                                              data         000000
__HdataBANK0                                         dataBANK0    000000
__HdataBANK1                                         dataBANK1    000000
__HdataBANK2                                         dataBANK2    000000
__HdataCOMRAM                                        dataCOMRAM   000000
__Heeprom_data                                       eeprom_data  000000
__Hfarbss                                            farbss       000000
__Hfardata                                           fardata      000000
__Hibigdata                                          ibigdata     000000
__Hidata                                             idata        000000
__HidataBANK0                                        idataBANK0   000000
__HidataBANK1                                        idataBANK1   000000
__HidataBANK2                                        idataBANK2   000000
__HidataCOMRAM                                       idataCOMRAM  000000
__Hidloc                                             idloc        200008
__Hifardata                                          ifardata     000000
__Hinit                                              init         00012C
__Hintcode                                           intcode      000128
__Hintcode_body                                      intcode_body 000000
__Hintcodelo                                         intcodelo    000128
__Hintentry                                          intentry     000000
__Hintret                                            intret       000000
__Hintsave_regs                                      intsave_regs 000000
__Hirdata                                            irdata       000000
__Hmediumconst                                       mediumconst  000000
__HnvFARRAM                                          nvFARRAM     000000
__Hnvbit                                             nvbit        000000
__Hnvrram                                            nvrram       000000
__Hparam                                             rparam       000000
__Hpowerup                                           powerup      000128
__Hram                                               ram          000000
__Hramtop                                            ramtop       001000
__Hrbit                                              rbit         000000
__Hrbss                                              rbss         000000
__Hrdata                                             rdata        000000
__Hreset_vec                                         reset_vec    000004
__Hrparam                                            rparam       000000
__Hsfr                                               sfr          000000
__Hsmallconst                                        smallconst   001010
__Hspace_0                                           (abs)        30000E
__Hspace_1                                           (abs)        000280
__Hspace_2                                           (abs)        000000
__Hstack                                             stack        000000
__Hstruct                                            struct       000000
__Htemp                                              temp         00005B
__Htext                                              text         000000
__Htext0                                             text0        000000
__Htext1                                             text1        000000
__Htext10                                            text10       000000
__Htext11                                            text11       000000
__Htext12                                            text12       000000
__Htext13                                            text13       000000
__Htext14                                            text14       000000
__Htext15                                            text15       000000
__Htext16                                            text16       000000
__Htext17                                            text17       000000
__Htext18                                            text18       000000
__Htext19                                            text19       000000
__Htext2                                             text2        000000
__Htext20                                            text20       000000
__Htext21                                            text21       000000
__Htext22                                            text22       000000
__Htext23                                            text23       000000
__Htext24                                            text24       000000
__Htext25                                            text25       000000
__Htext26                                            text26       000000
__Htext27                                            text27       000000
__Htext28                                            text28       000000
__Htext29                                            text29       000000
__Htext3                                             text3        000000
__Htext30                                            text30       000000
__Htext31                                            text31       000000
__Htext32                                            text32       000000
__Htext33                                            text33       000000
__Htext34                                            text34       000000
__Htext35                                            text35       000000
__Htext36                                            text36       000000
__Htext37                                            text37       000000
__Htext38                                            text38       000000
__Htext39                                            text39       000000
__Htext4                                             text4        000000
__Htext40                                            text40       000000
__Htext41                                            text41       000000
__Htext42                                            text42       000000
__Htext43                                            text43       000000
__Htext44                                            text44       000000
__Htext45                                            text45       000000
__Htext47                                            text47       000000
__Htext48                                            text48       000000
__Htext49                                            text49       000000
__Htext5                                             text5        000000
__Htext50                                            text50       000000
__Htext6                                             text6        000000
__Htext7                                             text7        000000
__Htext8                                             text8        000000
__Htext9                                             text9        000000
__LRAM                                               (abs)        000001
__Labs1                                              abs1         000000
__Lbank0                                             bank0        000000
__Lbank1                                             bank1        000000
__Lbank10                                            bank10       000000
__Lbank11                                            bank11       000000
__Lbank12                                            bank12       000000
__Lbank13                                            bank13       000000
__Lbank14                                            bank14       000000
__Lbank15                                            bank15       000000
__Lbank2                                             bank2        000000
__Lbank3                                             bank3        000000
__Lbank4                                             bank4        000000
__Lbank5                                             bank5        000000
__Lbank6                                             bank6        000000
__Lbank7                                             bank7        000000
__Lbank8                                             bank8        000000
__Lbank9                                             bank9        000000
__Lbigbss                                            bigbss       000000
__Lbigdata                                           bigdata      000000
__Lbigram                                            bigram       000000
__Lbss                                               bss          000000
__LbssBANK1                                          bssBANK1     000000
__LbssCOMRAM                                         bssCOMRAM    000000
__Lcinit                                             cinit        000000
__Lclrtext                                           clrtext      000000
__Lcomram                                            comram       000000
__Lconfig                                            config       300000
__Lconst                                             const        000000
__LcstackBANK0                                       cstackBANK0  000000
__LcstackBANK1                                       cstackBANK1  000000
__LcstackCOMRAM                                      cstackCOMRAM 000000
__Ldata                                              data         000000
__LdataBANK0                                         dataBANK0    000000
__LdataBANK1                                         dataBANK1    000000
__LdataBANK2                                         dataBANK2    000000
__LdataCOMRAM                                        dataCOMRAM   000000
__Leeprom_data                                       eeprom_data  000000
__Lfarbss                                            farbss       000000
__Lfardata                                           fardata      000000
__Libigdata                                          ibigdata     000000
__Lidata                                             idata        000000
__LidataBANK0                                        idataBANK0   000000
__LidataBANK1                                        idataBANK1   000000
__LidataBANK2                                        idataBANK2   000000
__LidataCOMRAM                                       idataCOMRAM  000000
__Lidloc                                             idloc        200000
__Lifardata                                          ifardata     000000
__Linit                                              init         000128
__Lintcode                                           intcode      000008
__Lintcode_body                                      intcode_body 000000
__Lintcodelo                                         intcodelo    000128
__Lintentry                                          intentry     000000
__Lintret                                            intret       000000
__Lintsave_regs                                      intsave_regs 000000
__Lirdata                                            irdata       000000
__Lmediumconst                                       mediumconst  000000
__LnvFARRAM                                          nvFARRAM     000000
__Lnvbit                                             nvbit        000000
__Lnvrram                                            nvrram       000000
__Lparam                                             rparam       000000
__Lpowerup                                           powerup      000128
__Lram                                               ram          000000
__Lramtop                                            ramtop       001000
__Lrbit                                              rbit         000000
__Lrbss                                              rbss         000000
__Lrdata                                             rdata        000000
__Lreset_vec                                         reset_vec    000000
__Lrparam                                            rparam       000000
__Lsfr                                               sfr          000000
__Lsmallconst                                        smallconst   001000
__Lspace_0                                           (abs)        000000
__Lspace_1                                           (abs)        000000
__Lspace_2                                           (abs)        000000
__Lstack                                             stack        000000
__Lstruct                                            struct       000000
__Ltemp                                              temp         00005A
__Ltext                                              text         000000
__Ltext0                                             text0        000000
__Ltext1                                             text1        000000
__Ltext10                                            text10       000000
__Ltext11                                            text11       000000
__Ltext12                                            text12       000000
__Ltext13                                            text13       000000
__Ltext14                                            text14       000000
__Ltext15                                            text15       000000
__Ltext16                                            text16       000000
__Ltext17                                            text17       000000
__Ltext18                                            text18       000000
__Ltext19                                            text19       000000
__Ltext2                                             text2        000000
__Ltext20                                            text20       000000
__Ltext21                                            text21       000000
__Ltext22                                            text22       000000
__Ltext23                                            text23       000000
__Ltext24                                            text24       000000
__Ltext25                                            text25       000000
__Ltext26                                            text26       000000
__Ltext27                                            text27       000000
__Ltext28                                            text28       000000
__Ltext29                                            text29       000000
__Ltext3                                             text3        000000
__Ltext30                                            text30       000000
__Ltext31                                            text31       000000
__Ltext32                                            text32       000000
__Ltext33                                            text33       000000
__Ltext34                                            text34       000000
__Ltext35                                            text35       000000
__Ltext36                                            text36       000000
__Ltext37                                            text37       000000
__Ltext38                                            text38       000000
__Ltext39                                            text39       000000
__Ltext4                                             text4        000000
__Ltext40                                            text40       000000
__Ltext41                                            text41       000000
__Ltext42                                            text42       000000
__Ltext43                                            text43       000000
__Ltext44                                            text44       000000
__Ltext45                                            text45       000000
__Ltext47                                            text47       000000
__Ltext48                                            text48       000000
__Ltext49                                            text49       000000
__Ltext5                                             text5        000000
__Ltext50                                            text50       000000
__Ltext6                                             text6        000000
__Ltext7                                             text7        000000
__Ltext8                                             text8        000000
__Ltext9                                             text9        000000
__S0                                                 (abs)        30000E
__S1                                                 (abs)        000280
__S2                                                 (abs)        000000
___awdiv                                             text22       001DEE
___awdiv@counter                                     cstackCOMRAM 00002A
___awdiv@dividend                                    cstackCOMRAM 000026
___awdiv@divisor                                     cstackCOMRAM 000028
___awdiv@quotient                                    cstackCOMRAM 00002C
___awdiv@sign                                        cstackCOMRAM 00002B
___awmod                                             text21       001F76
___awmod@counter                                     cstackCOMRAM 00002A
___awmod@dividend                                    cstackCOMRAM 000026
___awmod@divisor                                     cstackCOMRAM 000028
___awmod@sign                                        cstackCOMRAM 00002B
___inthi_sp                                          stack        000000
___intlo_sp                                          stack        000000
___lwdiv                                             text41       002040
___lwdiv@counter                                     cstackCOMRAM 00002A
___lwdiv@dividend                                    cstackCOMRAM 000026
___lwdiv@divisor                                     cstackCOMRAM 000028
___lwdiv@quotient                                    cstackCOMRAM 00002B
___lwmod                                             text40       00212C
___lwmod@counter                                     cstackBANK0  0000D9
___lwmod@dividend                                    cstackCOMRAM 00002D
___lwmod@divisor                                     cstackCOMRAM 00002F
___param_bank                                        (abs)        000000
___rparam_used                                       (abs)        000001
___sp                                                stack        000000
__accesstop                                          (abs)        000080
__activetblptr                                       (abs)        000002
__end_of_AdcInit                                     text45       00251E
__end_of_AdcRead                                     text50       002384
__end_of_BakeTempSet                                 text38       001810
__end_of_CheckCookDone                               text26       001EF6
__end_of_CookTimeDisplay                             text25       0015CC
__end_of_CookTimeSet                                 text18       0021F2
__end_of_GPIOInit                                    text17       0024C6
__end_of_GenerateAmplitude                           text16       001AB0
__end_of_I2C_Read                                    text24       00235C
__end_of_I2C_ReadFromSlave                           text23       002334
__end_of_I2C_Start                                   text33       002518
__end_of_I2C_Stop                                    text32       002510
__end_of_I2C_Wait                                    text34       002498
__end_of_I2C_WriteControl                            text31       00246E
__end_of_I2C_WriteData                               text30       0024EE
__end_of_I2C_WriteToSlave                            text29       0023F2
__end_of_ISR                                         intcode      000128
__end_of_IfButtonPressedMovedToNextState             text15       002432
__end_of_InitI2C_MasterMode                          text37       002486
__end_of_IntToBcd                                    text6        002266
__end_of_IntToBcd_cook_time                          text20       00229C
__end_of_ReadAndDisplayHrFromRTC                     text13       001C5E
__end_of_ReadAndDisplayMinFromRTC                    text12       001B42
__end_of_ReadAndDisplaySecFromRTC                    text11       001BD0
__end_of_ReadRTCAndDisplay                           text10       001CE6
__end_of_SpiInit                                     text9        002450
__end_of_TimeSetting                                 text8        001492
__end_of_Timer2Init                                  text7        0024A8
__end_of_WriteSpi                                    text36       0024D4
__end_of_WriteTime                                   text5        002302
__end_of_WriteTimeToCookToRTC                        text4        001DEE
__end_of_WriteToDac                                  text35       00212C
__end_of_WriteToRTC                                  text3        001D6A
__end_of___awdiv                                     text22       001E72
__end_of___awmod                                     text21       001FE6
__end_of___lwdiv                                     text41       002092
__end_of___lwmod                                     text40       002170
__end_of__initialization                             cinit        001A04
__end_of_bcd_to_decimal                              text14       0023AA
__end_of_bcd_to_decimal_cook_time                    text19       0023D0
__end_of_clearAlarm                                  text28       002230
__end_of_dpowers                                     smallconst   00100B
__end_of_lcd_char                                    text43       0018BE
__end_of_lcd_clear                                   text27       002508
__end_of_lcd_command                                 text44       00196C
__end_of_lcd_init                                    text2        002412
__end_of_lcd_shiftRight                              text1        002500
__end_of_lcd_string                                  text42       0022D0
__end_of_main                                        text0        001260
__end_of_sprintf                                     text39       0016F0
__end_ofi2_WriteSpi                                  text49       0024E2
__end_ofi2_WriteToDac                                text48       0021B4
__end_ofi2___lwdiv                                   text47       0020E4
__initialization                                     cinit        00196C
__mediumconst                                        mediumconst  000000
__pbssBANK1                                          bssBANK1     0001B6
__pbssCOMRAM                                         bssCOMRAM    000031
__pcinit                                             cinit        00196C
__pcstackBANK0                                       cstackBANK0  0000D9
__pcstackBANK1                                       cstackBANK1  000100
__pcstackCOMRAM                                      cstackCOMRAM 000001
__pdataBANK0                                         dataBANK0    000080
__pdataBANK1                                         dataBANK1    0001AC
__pdataBANK2                                         dataBANK2    000200
__pdataCOMRAM                                        dataCOMRAM   00004B
__pidataBANK0                                        idataBANK0   001FE6
__pidataBANK1                                        idataBANK1   0024EE
__pidataBANK2                                        idataBANK2   001EF6
__pidataCOMRAM                                       idataCOMRAM  0024A8
__pintcode                                           intcode      000008
__psmallconst                                        smallconst   001000
__ptext0                                             text0        001010
__ptext1                                             text1        0024F8
__ptext10                                            text10       001C5E
__ptext11                                            text11       001B42
__ptext12                                            text12       001AB0
__ptext13                                            text13       001BD0
__ptext14                                            text14       002384
__ptext15                                            text15       002412
__ptext16                                            text16       001A12
__ptext17                                            text17       0024B8
__ptext18                                            text18       0021B4
__ptext19                                            text19       0023AA
__ptext2                                             text2        0023F2
__ptext20                                            text20       002266
__ptext21                                            text21       001F76
__ptext22                                            text22       001DEE
__ptext23                                            text23       002302
__ptext24                                            text24       002334
__ptext25                                            text25       001492
__ptext26                                            text26       001E72
__ptext27                                            text27       002500
__ptext28                                            text28       0021F2
__ptext29                                            text29       0023D0
__ptext3                                             text3        001CE6
__ptext30                                            text30       0024E2
__ptext31                                            text31       002450
__ptext32                                            text32       002508
__ptext33                                            text33       002510
__ptext34                                            text34       002486
__ptext35                                            text35       0020E4
__ptext36                                            text36       0024C6
__ptext37                                            text37       00246E
__ptext38                                            text38       0016F0
__ptext39                                            text39       0015CC
__ptext4                                             text4        001D6A
__ptext40                                            text40       00212C
__ptext41                                            text41       002040
__ptext42                                            text42       00229C
__ptext43                                            text43       001810
__ptext44                                            text44       0018BE
__ptext45                                            text45       002518
__ptext47                                            text47       002092
__ptext48                                            text48       002170
__ptext49                                            text49       0024D4
__ptext5                                             text5        0022D0
__ptext50                                            text50       00235C
__ptext6                                             text6        002230
__ptext7                                             text7        002498
__ptext8                                             text8        001260
__ptext9                                             text9        002432
__ramtop                                             ramtop       001000
__size_of_AdcInit                                    (abs)        000000
__size_of_AdcRead                                    (abs)        000000
__size_of_BakeTempSet                                (abs)        000000
__size_of_CheckCookDone                              (abs)        000000
__size_of_CookTimeDisplay                            (abs)        000000
__size_of_CookTimeSet                                (abs)        000000
__size_of_GPIOInit                                   (abs)        000000
__size_of_GenerateAmplitude                          (abs)        000000
__size_of_I2C_Read                                   (abs)        000000
__size_of_I2C_ReadFromSlave                          (abs)        000000
__size_of_I2C_Start                                  (abs)        000000
__size_of_I2C_Stop                                   (abs)        000000
__size_of_I2C_Wait                                   (abs)        000000
__size_of_I2C_WriteControl                           (abs)        000000
__size_of_I2C_WriteData                              (abs)        000000
__size_of_I2C_WriteToSlave                           (abs)        000000
__size_of_ISR                                        (abs)        000000
__size_of_IfButtonPressedMovedToNextState            (abs)        000000
__size_of_InitI2C_MasterMode                         (abs)        000000
__size_of_IntToBcd                                   (abs)        000000
__size_of_IntToBcd_cook_time                         (abs)        000000
__size_of_ReadAndDisplayHrFromRTC                    (abs)        000000
__size_of_ReadAndDisplayMinFromRTC                   (abs)        000000
__size_of_ReadAndDisplaySecFromRTC                   (abs)        000000
__size_of_ReadRTCAndDisplay                          (abs)        000000
__size_of_SpiInit                                    (abs)        000000
__size_of_TimeSetting                                (abs)        000000
__size_of_Timer2Init                                 (abs)        000000
__size_of_WriteSpi                                   (abs)        000000
__size_of_WriteTime                                  (abs)        000000
__size_of_WriteTimeToCookToRTC                       (abs)        000000
__size_of_WriteToDac                                 (abs)        000000
__size_of_WriteToRTC                                 (abs)        000000
__size_of___awdiv                                    (abs)        000000
__size_of___awmod                                    (abs)        000000
__size_of___lwdiv                                    (abs)        000000
__size_of___lwmod                                    (abs)        000000
__size_of_bcd_to_decimal                             (abs)        000000
__size_of_bcd_to_decimal_cook_time                   (abs)        000000
__size_of_clearAlarm                                 (abs)        000000
__size_of_lcd_char                                   (abs)        000000
__size_of_lcd_clear                                  (abs)        000000
__size_of_lcd_command                                (abs)        000000
__size_of_lcd_init                                   (abs)        000000
__size_of_lcd_shiftRight                             (abs)        000000
__size_of_lcd_string                                 (abs)        000000
__size_of_main                                       (abs)        000000
__size_of_sprintf                                    (abs)        000000
__size_ofi2_WriteSpi                                 (abs)        000000
__size_ofi2_WriteToDac                               (abs)        000000
__size_ofi2___lwdiv                                  (abs)        000000
__smallconst                                         smallconst   001000
_alarmSet                                            bssCOMRAM    00004A
_amplitudeDivision                                   bssCOMRAM    00003B
_bakeTemp                                            bssBANK1     0001B6
_bcd_to_decimal                                      text14       002384
_bcd_to_decimal_cook_time                            text19       0023AA
_clearAlarm                                          text28       0021F2
_cookTimeAdcRead                                     bssCOMRAM    000031
_currentMinFromRTC                                   bssCOMRAM    00003F
_cursorLocation                                      bssCOMRAM    000046
_dpowers                                             smallconst   001001
_getModOfTemp                                        bssCOMRAM    000033
_hr                                                  dataCOMRAM   000057
_hrAdcRead                                           bssCOMRAM    000039
_hrRead                                              bssCOMRAM    000042
_iterator                                            bssCOMRAM    000048
_lcd_char                                            text43       001810
_lcd_clear                                           text27       002500
_lcd_command                                         text44       0018BE
_lcd_init                                            text2        0023F2
_lcd_shiftRight                                      text1        0024F8
_lcd_string                                          text42       00229C
_main                                                text0        001010
_min                                                 dataCOMRAM   000056
_minAdcRead                                          bssCOMRAM    000037
_minRead                                             bssCOMRAM    000043
_ptr                                                 bssCOMRAM    00003D
_readADCInput                                        bssBANK1     0001BA
_readBakeTempADC                                     bssBANK1     0001B8
_secondsRead                                         bssCOMRAM    000041
_setCookTimeMin                                      bssCOMRAM    000040
_setHr                                               bssCOMRAM    000044
_setMin                                              bssCOMRAM    000045
_sineOut                                             bssCOMRAM    000049
_sprintf                                             text39       0015CC
_tempAdcRead                                         bssCOMRAM    000035
bcd_to_decimal@x                                     cstackCOMRAM 000029
bcd_to_decimal_cook_time@x                           cstackCOMRAM 000029
btemp                                                temp         00005A
end_of_initialization                                cinit        001A04
i2WriteSpi@data                                      cstackCOMRAM 000001
i2WriteToDac@command                                 cstackCOMRAM 00000E
i2WriteToDac@data                                    cstackCOMRAM 000008
i2WriteToDac@frequency                               cstackCOMRAM 00000A
i2WriteToDac@high                                    cstackCOMRAM 000010
i2WriteToDac@low                                     cstackCOMRAM 000011
i2WriteToDac@output                                  cstackCOMRAM 000012
i2_WriteSpi                                          text49       0024D4
i2_WriteToDac                                        text48       002170
i2___lwdiv                                           text47       002092
i2___lwdiv@counter                                   cstackCOMRAM 000007
i2___lwdiv@dividend                                  cstackCOMRAM 000001
i2___lwdiv@divisor                                   cstackCOMRAM 000003
i2___lwdiv@quotient                                  cstackCOMRAM 000005
int$flags                                            temp         00005A
intlevel0                                            text         000000
intlevel1                                            text         000000
intlevel2                                            text         000000
intlevel3                                            text         000000
lcd_char@temp                                        cstackCOMRAM 000027
lcd_char@x                                           cstackCOMRAM 000028
lcd_command@temp                                     cstackCOMRAM 000027
lcd_command@x                                        cstackCOMRAM 000028
lcd_string@i                                         cstackCOMRAM 00002B
lcd_string@x                                         cstackCOMRAM 000029
main@F3200                                           dataBANK2    000200
main@F3205                                           dataBANK1    0001AC
main@bakeTempContainer                               cstackBANK1  0001A8
main@baking                                          cstackBANK1  00019E
main@sineLookup                                      cstackBANK1  00011E
sprintf@ap                                           cstackBANK0  0000E1
sprintf@c                                            cstackBANK0  0000E6
sprintf@f                                            cstackBANK0  0000DC
sprintf@flag                                         cstackBANK0  0000E0
sprintf@prec                                         cstackBANK0  0000E5
sprintf@sp                                           cstackBANK0  0000DA
sprintf@val                                          cstackBANK0  0000E3
stackhi                                              (abs)        000F7F
stacklo                                              (abs)        000280
start                                                init         000128
start_initialization                                 cinit        00196C
wtemp6                                               temp         00005B


FUNCTION INFORMATION:

 *************** function _main *****************
 Defined at:
		line 55 in file "main.c"
 Parameters:    Size  Location     Type
		None
 Auto vars:     Size  Location     Type
  baking         10  158[BANK1 ] unsigned char [10]
  bakeTempCont    4  168[BANK1 ] unsigned char [4]
  sineLookup    128   30[BANK1 ] unsigned int [64]
 Return value:  Size  Location     Type
                  2  102[None  ] int 
 Registers used:
		wreg, fsr1l, fsr1h, fsr2l, fsr2h, status,2, status,0, tblptrl, tblptrh, tblptru, prodl, prodh, cstack
 Tracked objects:
		On entry : 
		On exit  : 
		Unchanged: 
 Data sizes:     COMRAM   BANK0   BANK1   BANK2   BANK3   BANK4   BANK5   BANK6   BANK7   BANK8   BANK9  BANK10  BANK11  BANK12  BANK13  BANK14  BANK15
      Params:         0       0       0       0       0       0       0       0       0       0       0       0       0       0       0       0       0
      Locals:         0       0     142       0       0       0       0       0       0       0       0       0       0       0       0       0       0
      Temps:          0       1       0       0       0       0       0       0       0       0       0       0       0       0       0       0       0
      Totals:         0       1     142       0       0       0       0       0       0       0       0       0       0       0       0       0       0
Total ram usage:      143 bytes
 Hardware stack levels required when called:    8
 This function calls:
		_AdcInit
		_BakeTempSet
		_CheckCookDone
		_CookTimeDisplay
		_CookTimeSet
		_GPIOInit
		_GenerateAmplitude
		_IfButtonPressedMovedToNextState
		_InitI2C_MasterMode
		_ReadRTCAndDisplay
		_SpiInit
		_TimeSetting
		_Timer2Init
		_WriteTime
		_WriteTimeToCookToRTC
		_WriteToDac
		_WriteToRTC
		_clearAlarm
		_lcd_char
		_lcd_clear
		_lcd_command
		_lcd_init
		_lcd_shiftRight
		_lcd_string
		_sprintf
 This function is called by:
		Startup code after reset
 This function uses a non-reentrant model


 *************** function _lcd_shiftRight *****************
 Defined at:
		line 71 in file "lcd.c"
 Parameters:    Size  Location     Type
		None
 Auto vars:     Size  Location     Type
		None
 Return value:  Size  Location     Type
                  1    wreg      void 
 Registers used:
		wreg, status,2, status,0, cstack
 Tracked objects:
		On entry : 
		On exit  : 
		Unchanged: 
 Data sizes:     COMRAM   BANK0   BANK1   BANK2   BANK3   BANK4   BANK5   BANK6   BANK7   BANK8   BANK9  BANK10  BANK11  BANK12  BANK13  BANK14  BANK15
      Params:         0       0       0       0       0       0       0       0       0       0       0       0       0       0       0       0       0
      Locals:         0       0       0       0       0       0       0       0       0       0       0       0       0       0       0       0       0
      Temps:          0       0       0       0       0       0       0       0       0       0       0       0       0       0       0       0       0
      Totals:         0       0       0       0       0       0       0       0       0       0       0       0       0       0       0       0       0
Total ram usage:        0 bytes
 Hardware stack levels used:    1
 Hardware stack levels required when called:    4
 This function calls:
		_lcd_command
 This function is called by:
		_main
 This function uses a non-reentrant model


 *************** function _lcd_init *****************
 Defined at:
		line 27 in file "lcd.c"
 Parameters:    Size  Location     Type
		None
 Auto vars:     Size  Location     Type
		None
 Return value:  Size  Location     Type
                  1    wreg      void 
 Registers used:
		wreg, status,2, status,0, cstack
 Tracked objects:
		On entry : 
		On exit  : 
		Unchanged: 
 Data sizes:     COMRAM   BANK0   BANK1   BANK2   BANK3   BANK4   BANK5   BANK6   BANK7   BANK8   BANK9  BANK10  BANK11  BANK12  BANK13  BANK14  BANK15
      Params:         0       0       0       0       0       0       0       0       0       0       0       0       0       0       0       0       0
      Locals:         0       0       0       0       0       0       0       0       0       0       0       0       0       0       0       0       0
      Temps:          0       0       0       0       0       0       0       0       0       0       0       0       0       0       0       0       0
      Totals:         0       0       0       0       0       0       0       0       0       0       0       0       0       0       0       0       0
Total ram usage:        0 bytes
 Hardware stack levels used:    1
 Hardware stack levels required when called:    4
 This function calls:
		_lcd_command
 This function is called by:
		_main
 This function uses a non-reentrant model


 *************** function _WriteToRTC *****************
 Defined at:
		line 135 in file "timing_controller.c"
 Parameters:    Size  Location     Type
		None
 Auto vars:     Size  Location     Type
  WRITE_MODE      1   44[COMRAM] unsigned char 
 Return value:  Size  Location     Type
                  1    wreg      void 
 Registers used:
		wreg, status,2, status,0, cstack
 Tracked objects:
		On entry : 
		On exit  : 
		Unchanged: 
 Data sizes:     COMRAM   BANK0   BANK1   BANK2   BANK3   BANK4   BANK5   BANK6   BANK7   BANK8   BANK9  BANK10  BANK11  BANK12  BANK13  BANK14  BANK15
      Params:         0       0       0       0       0       0       0       0       0       0       0       0       0       0       0       0       0
      Locals:         1       0       0       0       0       0       0       0       0       0       0       0       0       0       0       0       0
      Temps:          0       0       0       0       0       0       0       0       0       0       0       0       0       0       0       0       0
      Totals:         1       0       0       0       0       0       0       0       0       0       0       0       0       0       0       0       0
Total ram usage:        1 bytes
 Hardware stack levels used:    1
 Hardware stack levels required when called:    6
 This function calls:
		_I2C_WriteToSlave
 This function is called by:
		_main
 This function uses a non-reentrant model


 *************** function _WriteTimeToCookToRTC *****************
 Defined at:
		line 73 in file "cooktime_controller.c"
 Parameters:    Size  Location     Type
		None
 Auto vars:     Size  Location     Type
  WRITE_MODE      1   44[COMRAM] unsigned char 
 Return value:  Size  Location     Type
                  1    wreg      void 
 Registers used:
		wreg, status,2, status,0, cstack
 Tracked objects:
		On entry : 
		On exit  : 
		Unchanged: 
 Data sizes:     COMRAM   BANK0   BANK1   BANK2   BANK3   BANK4   BANK5   BANK6   BANK7   BANK8   BANK9  BANK10  BANK11  BANK12  BANK13  BANK14  BANK15
      Params:         0       0       0       0       0       0       0       0       0       0       0       0       0       0       0       0       0
      Locals:         1       0       0       0       0       0       0       0       0       0       0       0       0       0       0       0       0
      Temps:          0       0       0       0       0       0       0       0       0       0       0       0       0       0       0       0       0
      Totals:         1       0       0       0       0       0       0       0       0       0       0       0       0       0       0       0       0
Total ram usage:        1 bytes
 Hardware stack levels used:    1
 Hardware stack levels required when called:    6
 This function calls:
		_I2C_WriteToSlave
 This function is called by:
		_main
 This function uses a non-reentrant model


 *************** function _WriteTime *****************
 Defined at:
		line 155 in file "timing_controller.c"
 Parameters:    Size  Location     Type
		None
 Auto vars:     Size  Location     Type
  convertedHou    1    1[BANK0 ] unsigned char 
  convertedMin    1    0[BANK0 ] unsigned char 
 Return value:  Size  Location     Type
                  1    wreg      void 
 Registers used:
		wreg, status,2, status,0, cstack
 Tracked objects:
		On entry : 
		On exit  : 
		Unchanged: 
 Data sizes:     COMRAM   BANK0   BANK1   BANK2   BANK3   BANK4   BANK5   BANK6   BANK7   BANK8   BANK9  BANK10  BANK11  BANK12  BANK13  BANK14  BANK15
      Params:         0       0       0       0       0       0       0       0       0       0       0       0       0       0       0       0       0
      Locals:         0       2       0       0       0       0       0       0       0       0       0       0       0       0       0       0       0
      Temps:          0       0       0       0       0       0       0       0       0       0       0       0       0       0       0       0       0
      Totals:         0       2       0       0       0       0       0       0       0       0       0       0       0       0       0       0       0
Total ram usage:        2 bytes
 Hardware stack levels used:    1
 Hardware stack levels required when called:    5
 This function calls:
		_IntToBcd
 This function is called by:
		_main
[...]
  counter         1   41[COMRAM] unsigned char 
 Return value:  Size  Location     Type
                  2   37[COMRAM] unsigned int 
 Registers used:
		wreg, status,2, status,0
 Tracked objects:
		On entry : 
		On exit  : 
		Unchanged: 
 Data sizes:     COMRAM   BANK0   BANK1   BANK2   BANK3   BANK4   BANK5   BANK6   BANK7   BANK8   BANK9  BANK10  BANK11  BANK12  BANK13  BANK14  BANK15
      Params:         4       0       0       0       0       0       0       0       0       0       0       0       0       0       0       0       0
      Locals:         3       0       0       0       0       0       0       0       0       0       0       0       0       0       0       0       0
      Temps:          0       0       0       0       0       0       0       0       0       0       0       0       0       0       0       0       0
      Totals:         7       0       0       0       0       0       0       0       0       0       0       0       0       0       0       0       0
Total ram usage:        7 bytes
 Hardware stack levels used:    1
 Hardware stack levels required when called:    3
 This function calls:
		Nothing
 This function is called by:
		_TimeSetting
		_CookTimeDisplay
		_sprintf
 This function uses a non-reentrant model


 *************** function _lcd_string *****************
 Defined at:
		line 16 in file "lcd.c"
 Parameters:    Size  Location     Type
  x               2   40[COMRAM] PTR unsigned char 
		 -> CookTimeDisplay@cookTimeContainer_1412(2), CookTimeDisplay@cookTimeContainer(1), CookTimeDisplay@minDisplay(4), CookTimeDisplay@nextMenu(7), 
		 -> CookTimeDisplay@backMenu(6), CookTimeDisplay@setBakeTimeDisplay(10), BakeTempSet@bakeTempContainer(3), BakeTempSet@nextMenu(6), 
		 -> BakeTempSet@deliminator(6), BakeTempSet@setBakeTempDisplay(10), ReadRTCAndDisplay@bakeT(6), ReadRTCAndDisplay@deliminator(2), 
		 -> ReadRTCAndDisplay@time(5), ReadAndDisplaySecFromRTC@secondContainerDisplay_1361(2), ReadAndDisplaySecFromRTC@secondContainerDisplay(1), ReadAndDisplayHrFromRTC@hourContainerDisplay_1355(2), 
		 -> ReadAndDisplayHrFromRTC@hourContainerDisplay(1), ReadAndDisplayMinFromRTC@minContainerDisplay_1349(2), ReadAndDisplayMinFromRTC@minContainerDisplay(1), TimeSetting@minContainer_1331(2), 
		 -> TimeSetting@minContainer(1), TimeSetting@hourContainer_1327(2), TimeSetting@hourContainer(1), TimeSetting@next(6), 
		 -> TimeSetting@move(6), TimeSetting@setTimeDisplay(9), CheckCookDone@clear(6), CheckCookDone@bakeDone(11), 
		 -> main@bakeTempContainer(4), main@baking(10), 
 Auto vars:     Size  Location     Type
  i               2   42[COMRAM] int 
 Return value:  Size  Location     Type
                  1    wreg      void 
 Registers used:
		wreg, fsr2l, fsr2h, status,2, status,0, cstack
 Tracked objects:
		On entry : 
		On exit  : 
		Unchanged: 
 Data sizes:     COMRAM   BANK0   BANK1   BANK2   BANK3   BANK4   BANK5   BANK6   BANK7   BANK8   BANK9  BANK10  BANK11  BANK12  BANK13  BANK14  BANK15
      Params:         2       0       0       0       0       0       0       0       0       0       0       0       0       0       0       0       0
      Locals:         2       0       0       0       0       0       0       0       0       0       0       0       0       0       0       0       0
      Temps:          0       0       0       0       0       0       0       0       0       0       0       0       0       0       0       0       0
      Totals:         4       0       0       0       0       0       0       0       0       0       0       0       0       0       0       0       0
Total ram usage:        4 bytes
 Hardware stack levels used:    1
 Hardware stack levels required when called:    4
 This function calls:
		_lcd_char
 This function is called by:
		_main
		_CheckCookDone
		_TimeSetting
		_ReadAndDisplayMinFromRTC
		_ReadAndDisplayHrFromRTC
		_ReadAndDisplaySecFromRTC
		_ReadRTCAndDisplay
		_BakeTempSet
		_CookTimeDisplay
 This function uses a non-reentrant model


 *************** function _lcd_char *****************
 Defined at:
		line 86 in file "lcd.c"
 Parameters:    Size  Location     Type
  x               1    wreg     unsigned char 
 Auto vars:     Size  Location     Type
  x               1   39[COMRAM] unsigned char 
  temp            1   38[COMRAM] unsigned char 
 Return value:  Size  Location     Type
                  1    wreg      void 
 Registers used:
		wreg, status,2, status,0, cstack
 Tracked objects:
		On entry : 
		On exit  : 
		Unchanged: 
 Data sizes:     COMRAM   BANK0   BANK1   BANK2   BANK3   BANK4   BANK5   BANK6   BANK7   BANK8   BANK9  BANK10  BANK11  BANK12  BANK13  BANK14  BANK15
      Params:         0       0       0       0       0       0       0       0       0       0       0       0       0       0       0       0       0
      Locals:         2       0       0       0       0       0       0       0       0       0       0       0       0       0       0       0       0
      Temps:          1       0       0       0       0       0       0       0       0       0       0       0       0       0       0       0       0
      Totals:         3       0       0       0       0       0       0       0       0       0       0       0       0       0       0       0       0
Total ram usage:        3 bytes
 Hardware stack levels used:    1
 Hardware stack levels required when called:    3
 This function calls:
		Nothing
 This function is called by:
		_main
		_lcd_string
		_TimeSetting
		_ReadAndDisplayMinFromRTC
		_ReadAndDisplayHrFromRTC
		_ReadAndDisplaySecFromRTC
		_ReadRTCAndDisplay
		_BakeTempSet
		_CookTimeDisplay
 This function uses a non-reentrant model


 *************** function _lcd_command *****************
 Defined at:
		line 35 in file "lcd.c"
 Parameters:    Size  Location     Type
  x               1    wreg     unsigned char 
 Auto vars:     Size  Location     Type
  x               1   39[COMRAM] unsigned char 
  temp            1   38[COMRAM] unsigned char 
 Return value:  Size  Location     Type
                  1    wreg      void 
 Registers used:
		wreg, status,2, status,0, cstack
 Tracked objects:
		On entry : 
		On exit  : 
		Unchanged: 
 Data sizes:     COMRAM   BANK0   BANK1   BANK2   BANK3   BANK4   BANK5   BANK6   BANK7   BANK8   BANK9  BANK10  BANK11  BANK12  BANK13  BANK14  BANK15
      Params:         0       0       0       0       0       0       0       0       0       0       0       0       0       0       0       0       0
      Locals:         2       0       0       0       0       0       0       0       0       0       0       0       0       0       0       0       0
      Temps:          1       0       0       0       0       0       0       0       0       0       0       0       0       0       0       0       0
      Totals:         3       0       0       0       0       0       0       0       0       0       0       0       0       0       0       0       0
Total ram usage:        3 bytes
 Hardware stack levels used:    1
 Hardware stack levels required when called:    3
 This function calls:
		Nothing
 This function is called by:
		_main
		_CheckCookDone
		_lcd_init
		_lcd_shiftRight
		_lcd_clear
		_TimeSetting
		_ReadAndDisplayMinFromRTC
		_ReadAndDisplayHrFromRTC
		_ReadAndDisplaySecFromRTC
		_ReadRTCAndDisplay
		_BakeTempSet
		_CookTimeDisplay
		_lcd_shiftLeft
 This function uses a non-reentrant model


 *************** function _AdcInit *****************
 Defined at:
		line 16 in file "adc.c"
 Parameters:    Size  Location     Type
		None
 Auto vars:     Size  Location     Type
		None
 Return value:  Size  Location     Type
                  1    wreg      void 
 Registers used:
		wreg, status,2
 Tracked objects:
		On entry : 
		On exit  : 
		Unchanged: 
 Data sizes:     COMRAM   BANK0   BANK1   BANK2   BANK3   BANK4   BANK5   BANK6   BANK7   BANK8   BANK9  BANK10  BANK11  BANK12  BANK13  BANK14  BANK15
      Params:         0       0       0       0       0       0       0       0       0       0       0       0       0       0       0       0       0
      Locals:         0       0       0       0       0       0       0       0       0       0       0       0       0       0       0       0       0
      Temps:          0       0       0       0       0       0       0       0       0       0       0       0       0       0       0       0       0
      Totals:         0       0       0       0       0       0       0       0       0       0       0       0       0       0       0       0       0
Total ram usage:        0 bytes
 Hardware stack levels used:    1
 Hardware stack levels required when called:    3
 This function calls:
		Nothing
 This function is called by:
		_main
 This function uses a non-reentrant model


 *************** function _ISR *****************
 Defined at:
		line 349 in file "main.c"
 Parameters:    Size  Location     Type
		None
 Auto vars:     Size  Location     Type
		None
 Return value:  Size  Location     Type
                  1    wreg      void 
 Registers used:
		wreg, fsr2l, fsr2h, status,2, status,0, prodl, prodh, cstack
 Tracked objects:
		On entry : 
		On exit  : 
		Unchanged: 
 Data sizes:     COMRAM   BANK0   BANK1   BANK2   BANK3   BANK4   BANK5   BANK6   BANK7   BANK8   BANK9  BANK10  BANK11  BANK12  BANK13  BANK14  BANK15
      Params:         0       0       0       0       0       0       0       0       0       0       0       0       0       0       0       0       0
      Locals:         0       0       0       0       0       0       0       0       0       0       0       0       0       0       0       0       0
      Temps:         18       0       0       0       0       0       0       0       0       0       0       0       0       0       0       0       0
      Totals:        18       0       0       0       0       0       0       0       0       0       0       0       0       0       0       0       0
Total ram usage:       18 bytes
 Hardware stack levels used:    1
 Hardware stack levels required when called:    2
 This function calls:
		_AdcRead
		i2_WriteToDac
		i2___lwdiv
 This function is called by:
		Interrupt level 2
 This function uses a non-reentrant model


 *************** function i2___lwdiv *****************
 Defined at:
		line 8 in file "/Applications/microchip/xc8/v1.45/sources/common/lwdiv.c"
 Parameters:    Size  Location     Type
  dividend        2    0[COMRAM] unsigned int 
  divisor         2    2[COMRAM] unsigned int 
 Auto vars:     Size  Location     Type
  __lwdiv         2    4[COMRAM] unsigned int 
  __lwdiv         1    6[COMRAM] unsigned char 
 Return value:  Size  Location     Type
                  2    0[COMRAM] unsigned int 
 Registers used:
		wreg, status,2, status,0
 Tracked objects:
		On entry : 
		On exit  : 
		Unchanged: 
 Data sizes:     COMRAM   BANK0   BANK1   BANK2   BANK3   BANK4   BANK5   BANK6   BANK7   BANK8   BANK9  BANK10  BANK11  BANK12  BANK13  BANK14  BANK15
      Params:         4       0       0       0       0       0       0       0       0       0       0       0       0       0       0       0       0
      Locals:         3       0       0       0       0       0       0       0       0       0       0       0       0       0       0       0       0
      Temps:          0       0       0       0       0       0       0       0       0       0       0       0       0       0       0       0       0
      Totals:         7       0       0       0       0       0       0       0       0       0       0       0       0       0       0       0       0
Total ram usage:        7 bytes
 Hardware stack levels used:    1
 This function calls:
		Nothing
 This function is called by:
		_ISR
 This function uses a non-reentrant model


 *************** function i2_WriteToDac *****************
 Defined at:
		line 61 in file "spi.c"
 Parameters:    Size  Location     Type
  data            2    7[COMRAM] unsigned int 
  frequency       2    9[COMRAM] unsigned int 
 Auto vars:     Size  Location     Type
  WriteToDac      2   17[COMRAM] unsigned int 
  WriteToDac      2   13[COMRAM] unsigned int 
  WriteToDac      1   16[COMRAM] unsigned char 
  WriteToDac      1   15[COMRAM] unsigned char 
 Return value:  Size  Location     Type
                  1    wreg      void 
 Registers used:
		wreg, status,2, status,0, cstack
 Tracked objects:
		On entry : 
		On exit  : 
		Unchanged: 
 Data sizes:     COMRAM   BANK0   BANK1   BANK2   BANK3   BANK4   BANK5   BANK6   BANK7   BANK8   BANK9  BANK10  BANK11  BANK12  BANK13  BANK14  BANK15
      Params:         4       0       0       0       0       0       0       0       0       0       0       0       0       0       0       0       0
      Locals:         6       0       0       0       0       0       0       0       0       0       0       0       0       0       0       0       0
      Temps:          2       0       0       0       0       0       0       0       0       0       0       0       0       0       0       0       0
      Totals:        12       0       0       0       0       0       0       0       0       0       0       0       0       0       0       0       0
Total ram usage:       12 bytes
 Hardware stack levels used:    1
 Hardware stack levels required when called:    1
 This function calls:
		i2_WriteSpi
 This function is called by:
		_ISR
 This function uses a non-reentrant model


 *************** function i2_WriteSpi *****************
 Defined at:
		line 53 in file "spi.c"
 Parameters:    Size  Location     Type
  data            1    wreg     unsigned char 
 Auto vars:     Size  Location     Type
  data            1    0[COMRAM] unsigned char 
 Return value:  Size  Location     Type
                  1    wreg      void 
 Registers used:
		wreg
 Tracked objects:
		On entry : 
		On exit  : 
		Unchanged: 
 Data sizes:     COMRAM   BANK0   BANK1   BANK2   BANK3   BANK4   BANK5   BANK6   BANK7   BANK8   BANK9  BANK10  BANK11  BANK12  BANK13  BANK14  BANK15
      Params:         0       0       0       0       0       0       0       0       0       0       0       0       0       0       0       0       0
      Locals:         1       0       0       0       0       0       0       0       0       0       0       0       0       0       0       0       0
      Temps:          0       0       0       0       0       0       0       0       0       0       0       0       0       0       0       0       0
      Totals:         1       0       0       0       0       0       0       0       0       0       0       0       0       0       0       0       0
Total ram usage:        1 bytes
 Hardware stack levels used:    1
 This function calls:
		Nothing
 This function is called by:
		i2_WriteToDac
 This function uses a non-reentrant model


 *************** function _AdcRead *****************
 Defined at:
		line 21 in file "adc.c"
 Parameters:    Size  Location     Type
  channel         1    wreg     unsigned char 
 Auto vars:     Size  Location     Type
  channel         1    3[COMRAM] unsigned char 
 Return value:  Size  Location     Type
                  2    0[COMRAM] unsigned int 
 Registers used:
		wreg, status,2, status,0
 Tracked objects:
		On entry : 
		On exit  : 
		Unchanged: 
 Data sizes:     COMRAM   BANK0   BANK1   BANK2   BANK3   BANK4   BANK5   BANK6   BANK7   BANK8   BANK9  BANK10  BANK11  BANK12  BANK13  BANK14  BANK15
      Params:         2       0       0       0       0       0       0       0       0       0       0       0       0       0       0       0       0
      Locals:         1       0       0       0       0       0       0       0       0       0       0       0       0       0       0       0       0
      Temps:          1       0       0       0       0       0       0       0       0       0       0       0       0       0       0       0       0
      Totals:         4       0       0       0       0       0       0       0       0       0       0       0       0       0       0       0       0
Total ram usage:        4 bytes
 Hardware stack levels used:    1
 This function calls:
		Nothing
 This function is called by:
		_ISR
 This function uses a non-reentrant model



MODULE INFORMATION

Module		Function		Class		Link	Load	Size
/Applications/microchip/xc8/v1.45/sources/common/lwmod.c
		___lwmod       		CODE           	212C	0000	69

/Applications/microchip/xc8/v1.45/sources/common/lwmod.c estimated size: 69

/Applications/microchip/xc8/v1.45/sources/common/awmod.c
		___awmod       		CODE           	1F76	0000	113

/Applications/microchip/xc8/v1.45/sources/common/awmod.c estimated size: 113

/Applications/microchip/xc8/v1.45/sources/common/doprnt.c
		_sprintf       		CODE           	15CC	0000	293

/Applications/microchip/xc8/v1.45/sources/common/doprnt.c estimated size: 293

i2c.c
		_I2C_WriteToSlave		CODE           	23D0	0000	35
		_I2C_Stop      		CODE           	2508	0000	9
		_I2C_WriteData 		CODE           	24E2	0000	13
		_I2C_Wait      		CODE           	2486	0000	19
		_I2C_Read      		CODE           	2334	0000	41
		_I2C_WriteControl		CODE           	2450	0000	31
		_I2C_ReadFromSlave		CODE           	2302	0000	51
		_I2C_Start     		CODE           	2510	0000	9
		_InitI2C_MasterMode		CODE           	246E	0000	25

i2c.c estimated size: 233

timer2.c
		_Timer2Init    		CODE           	2498	0000	17

timer2.c estimated size: 17

/Applications/microchip/xc8/v1.45/sources/common/lwdiv.c
		___lwdiv       		CODE           	2040	0000	83

/Applications/microchip/xc8/v1.45/sources/common/lwdiv.c estimated size: 83

/Applications/microchip/xc8/v1.45/sources/common/awdiv.c
		___awdiv       		CODE           	1DEE	0000	133

/Applications/microchip/xc8/v1.45/sources/common/awdiv.c estimated size: 133

cooktime_controller.c
		_CookTimeDisplay		CODE           	1492	0000	315
		_bcd_to_decimal_cook_time		CODE           	23AA	0000	39
		_CookTimeSet   		CODE           	21B4	0000	63
		_WriteTimeToCookToRTC		CODE           	1D6A	0000	133
		_IntToBcd_cook_time		CODE           	2266	0000	55

cooktime_controller.c estimated size: 605

timing_controller.c
		_ReadAndDisplayHrFromRTC		CODE           	1BD0	0000	143
		_IntToBcd      		CODE           	2230	0000	55
		_ReadRTCAndDisplay		CODE           	1C5E	0000	137
		_WriteTime     		CODE           	22D0	0000	51
		_TimeSetting   		CODE           	1260	0000	563
		_bcd_to_decimal		CODE           	2384	0000	39
		_ReadAndDisplaySecFromRTC		CODE           	1B42	0000	143
		_WriteToRTC    		CODE           	1CE6	0000	133
		_ReadAndDisplayMinFromRTC		CODE           	1AB0	0000	147

timing_controller.c estimated size: 1411

adc.c
		_AdcInit       		CODE           	2518	0000	7
		_AdcRead       		CODE           	235C	0000	41

adc.c estimated size: 48

bake_temp_set_controller.c
		_BakeTempSet   		CODE           	16F0	0000	289

bake_temp_set_controller.c estimated size: 289

spi.c
		_SpiInit       		CODE           	2432	0000	31
		_WriteToDac    		CODE           	20E4	0000	73
		_WriteSpi      		CODE           	24C6	0000	15

spi.c estimated size: 119

shared
		_dpowers       		SMALLCONST     	1001	0000	11
		i2___lwdiv     		CODE           	2092	0000	83
		__initialization		CODE           	196C	0000	153
		i2_WriteSpi    		CODE           	24D4	0000	15
		i2_WriteToDac  		CODE           	2170	0000	69

shared estimated size: 331

lcd.c
		_lcd_command   		CODE           	18BE	0000	175
		_lcd_char      		CODE           	1810	0000	175
		_lcd_clear     		CODE           	2500	0000	9
		_lcd_shiftRight		CODE           	24F8	0000	9
		_lcd_string    		CODE           	229C	0000	53
		_lcd_init      		CODE           	23F2	0000	33

lcd.c estimated size: 454

gpio.c
		_GPIOInit      		CODE           	24B8	0000	15

gpio.c estimated size: 15

main.c
		_ISR           		CODE           	0008	0000	289
		_main          		CODE           	1010	0000	593
		_clearAlarm    		CODE           	21F2	0000	63
		_GenerateAmplitude		CODE           	1A12	0000	159
		_IfButtonPressedMovedToNextState		CODE           	2412	0000	33
		_CheckCookDone 		CODE           	1E72	0000	133

main.c estimated size: 1270

